Some of the corners cases are shown below:

pranav@pranav:/media/pranav/Pranav's Files/OSLAB-Github/Lab6$ python2 paging-linear-translate.py -P 0 -v
ARG seed 0
ARG address space size 16k
ARG phys mem size 64k
ARG page size 0
ARG verbose True
ARG addresses -1

Traceback (most recent call last):
  File "paging-linear-translate.py", line 85, in <module>
    mustbemultipleof(asize, pagesize, 'address space must be a multiple of the pagesize')
  File "paging-linear-translate.py", line 14, in mustbemultipleof
    if (int(float(bignum)/float(num)) != (int(bignum) / int(num))):
ZeroDivisionError: float division by zero


pranav@pranav:/media/pranav/Pranav's Files/OSLAB-Github/Lab6$ python2 paging-linear-translate.py -P 64k -v -c
ARG seed 0
ARG address space size 16k
ARG phys mem size 64k
ARG page size 64k
ARG verbose True
ARG addresses -1


The format of the page table is simple:
The high-order (left-most) bit is the VALID bit.
  If the bit is 1, the rest of the entry is the PFN.
  If the bit is 0, the page is not valid.
Use verbose mode (-v) if you want to print the VPN # by
each entry of the page table.

Page Table (from entry 0 down to the max size)

Virtual Address Trace
Traceback (most recent call last):
  File "paging-linear-translate.py", line 174, in <module>
    if pt[vpn] < 0:
IndexError: array index out of range


pranav@pranav:/media/pranav/Pranav's Files/OSLAB-Github/Lab6$ python2 paging-linear-translate.py -a 70k -p 60k -v
ARG seed 0
ARG address space size 70k
ARG phys mem size 60k
ARG page size 4k
ARG verbose True
ARG addresses -1

Error: physical memory size must be GREATER than address space size (for this simulation)


pranav@pranav:/media/pranav/Pranav's Files/OSLAB-Github/Lab6$ python2 paging-linear-translate.py -a 0 -v
ARG seed 0
ARG address space size 0
ARG phys mem size 64k
ARG page size 4k
ARG verbose True
ARG addresses -1

Error: must specify a non-zero address-space size.


pranav@pranav:/media/pranav/Pranav's Files/OSLAB-Github/Lab6$ python2 paging-linear-translate.py -p 0 -v
ARG seed 0
ARG address space size 16k
ARG phys mem size 0
ARG page size 4k
ARG verbose True
ARG addresses -1

Error: must specify a non-zero physical memory size.

Other errors can include:
1. Address space is not multiple of page size.

